# AI Company Scheduler Status
- enabled: 1
- state: paused_by_owner
- mode: paused
- work_hours_mode: PAUSED
- overtime_info: none
- active_agents: none
- max_parallel_agents: 5
- latest_event: AI Company OS is OFF
- updated_at: 2026-06-14T05:07:08+07:00

## Roles
- pm: never_run task=none event=none updated_at=unknown
- engineer: never_run task=none event=none updated_at=unknown
- qa: never_run task=none event=none updated_at=unknown
- devops: never_run task=none event=none updated_at=unknown

## Locks
- repo_write: free
- dashboard: free
- devops: free
- database: free
- qa: free
